// Jest Snapshot v1, https://goo.gl/fbAQLP

exports[`it matches the snapshot 1`] = `
<DocumentFragment>
  <div
    class="tree"
  >
    <button>
      Alphabetize
    </button>
    <div
      class="node"
    >
      root
      <button>
        ❌
      </button>
      <div
        class="children"
      >
        <div
          class="node"
        >
          a.nt
          <button>
            ❌
          </button>
        </div>
        <div
          class="node"
        >
          b.ear
          <button>
            ❌
          </button>
          <div
            class="children"
          >
            <div
              class="node"
            >
              c..at
              <button>
                ❌
              </button>
            </div>
            <div
              class="node"
            >
              d..og
              <button>
                ❌
              </button>
              <div
                class="children"
              >
                <div
                  class="node"
                >
                  e...lephant
                  <button>
                    ❌
                  </button>
                </div>
                <input
                  class="children"
                  placeholder="Add child"
                  type="text"
                />
              </div>
            </div>
            <input
              class="children"
              placeholder="Add child"
              type="text"
            />
          </div>
        </div>
        <div
          class="node"
        >
          f.rog
          <button>
            ❌
          </button>
          <div
            class="children"
          >
            <div
              class="node"
            >
              d..olphin
              <button>
                ❌
              </button>
            </div>
            <input
              class="children"
              placeholder="Add child"
              type="text"
            />
          </div>
        </div>
        <input
          class="children"
          placeholder="Add child"
          type="text"
        />
      </div>
    </div>
  </div>
</DocumentFragment>
`;